Version SISSO.3.0.2, June, 2020.
================================================================================

Reading data from train.dat ...
Reading parameters from SISSO.in: 
--------------------------------------------------------------------------------
Restarts :     F
Descriptor dimension:        1
Property type:     1
Total number of properties:        1
Task_weighting:        1
Number of samples for each property:      112
Number of scalar features:       18
Number of recursive calls for feature transformation (rung of the feature space):        3
Max feature complexity (number of operators in a feature):        3
Number of dimension(unit)-type (for dimension analysis):       18
Dimension type for each primary feature: 
  1.00  0.00  0.00  0.00  0.00  0.00  0.00  0.00  0.00  0.00  0.00  0.00  0.00  0.00  0.00  0.00  0.00  0.00
  0.00  1.00  0.00  0.00  0.00  0.00  0.00  0.00  0.00  0.00  0.00  0.00  0.00  0.00  0.00  0.00  0.00  0.00
  0.00  0.00  1.00  0.00  0.00  0.00  0.00  0.00  0.00  0.00  0.00  0.00  0.00  0.00  0.00  0.00  0.00  0.00
  0.00  0.00  0.00  1.00  0.00  0.00  0.00  0.00  0.00  0.00  0.00  0.00  0.00  0.00  0.00  0.00  0.00  0.00
  0.00  0.00  0.00  0.00  1.00  0.00  0.00  0.00  0.00  0.00  0.00  0.00  0.00  0.00  0.00  0.00  0.00  0.00
  0.00  0.00  0.00  0.00  0.00  1.00  0.00  0.00  0.00  0.00  0.00  0.00  0.00  0.00  0.00  0.00  0.00  0.00
  0.00  0.00  0.00  0.00  0.00  0.00  1.00  0.00  0.00  0.00  0.00  0.00  0.00  0.00  0.00  0.00  0.00  0.00
  0.00  0.00  0.00  0.00  0.00  0.00  0.00  1.00  0.00  0.00  0.00  0.00  0.00  0.00  0.00  0.00  0.00  0.00
  0.00  0.00  0.00  0.00  0.00  0.00  0.00  0.00  1.00  0.00  0.00  0.00  0.00  0.00  0.00  0.00  0.00  0.00
  0.00  0.00  0.00  0.00  0.00  0.00  0.00  0.00  0.00  1.00  0.00  0.00  0.00  0.00  0.00  0.00  0.00  0.00
  0.00  0.00  0.00  0.00  0.00  0.00  0.00  0.00  0.00  0.00  1.00  0.00  0.00  0.00  0.00  0.00  0.00  0.00
  0.00  0.00  0.00  0.00  0.00  0.00  0.00  0.00  0.00  0.00  0.00  1.00  0.00  0.00  0.00  0.00  0.00  0.00
  0.00  0.00  0.00  0.00  0.00  0.00  0.00  0.00  0.00  0.00  0.00  0.00  1.00  0.00  0.00  0.00  0.00  0.00
  0.00  0.00  0.00  0.00  0.00  0.00  0.00  0.00  0.00  0.00  0.00  0.00  0.00  1.00  0.00  0.00  0.00  0.00
  0.00  0.00  0.00  0.00  0.00  0.00  0.00  0.00  0.00  0.00  0.00  0.00  0.00  0.00  1.00  0.00  0.00  0.00
  0.00  0.00  0.00  0.00  0.00  0.00  0.00  0.00  0.00  0.00  0.00  0.00  0.00  0.00  0.00  1.00  0.00  0.00
  0.00  0.00  0.00  0.00  0.00  0.00  0.00  0.00  0.00  0.00  0.00  0.00  0.00  0.00  0.00  0.00  1.00  0.00
  0.00  0.00  0.00  0.00  0.00  0.00  0.00  0.00  0.00  0.00  0.00  0.00  0.00  0.00  0.00  0.00  0.00  1.00
Lower bound of the max abs. data value for the selected features:     0.10000E-02
Upper bound of the max abs. data value for the selected features:     0.10000E+06
Size of the SIS-selected (single) subspace :     1000
Operators for feature construction: (+)(-)(*)(/)(exp)(exp-)(^-1)(^2)(^3)(cbrt)(|-|)(^6)(sin)(cos) (+)(-)(*)(/)(exp)(exp-)(^-1)(^2)(^3)(cbrt)(|-|)(^6)(sin)(cos) (+)(-)(*)(/)(exp)(exp-)(^-1)(^2)(^3)(cbrt)(|-|)(^6)(sin)(cos) 
Method for sparsification:  L0        
Number of the top ranked models to output:      100
Fitting intercept?      T
Metric for model selection: RMSE
--------------------------------------------------------------------------------

Feature Construction and Descriptor Identification (FCDI) starts ...

iteration:   1
--------------------------------------------------------------------------------
FC starts ...
Standard Deviation (SD) of property 001:    1.25592
Total number of features in the space phi00:             18
Total number of features in the space phi01:            639
Total number of features in the space phi02:         185552
Total number of features in the space phi03:        1314474
Size of the SIS-selected subspace from phi03:       1000
Wall-clock time (second) for this FC:          106.29
FC done!

DI starts ...
total number of SIS-selected features from all iterations:       1000
L0 starts ...

Final model/descriptor to report
================================================================================
  1D descriptor (model): 
Total RMSE,MaxAE:   0.349358  1.008018
@@@descriptor: 
                      1:[(W_eV/cbrt((site_no*DOS_d_eV^(-1))))]
       coefficients_001:     0.5850917853E+00
          Intercept_001:     0.7026133504E-01
         RMSE,MaxAE_001:     0.3493579951E+00    0.1008017759E+01
================================================================================
Wall-clock time (second) for this DI:            0.06
DI done!

FCDI done !

--------------------------------------------------------------------------------
Total wall-clock time (second):          106.72

                                               Have a nice day !    

